// Jest Snapshot v1, https://goo.gl/fbAQLP

exports[`<HistoryScreen /> renders correctly 1`] = `
<View
  style={
    {
      "flex": 1,
      "padding": 16,
    }
  }
>
  <View
    style={
      {
        "borderBottomColor": "#2a9d9d",
        "borderBottomWidth": 1,
        "marginBottom": 8,
        "paddingBottom": 16,
      }
    }
  >
    <Text
      style={
        {
          "fontSize": 20,
        }
      }
    >
      Questions: 0
    </Text>
    <Text
      style={
        {
          "fontSize": 20,
        }
      }
    >
      Correct answers: 0
    </Text>
  </View>
  <Text
    style={
      {
        "fontSize": 16,
        "marginTop": 32,
        "textAlign": "center",
      }
    }
  >
    There are no results because you haven't taken the quiz yet!
  </Text>
  <RCTScrollView>
    <View />
  </RCTScrollView>
</View>
`;
